// Jest Snapshot v1, https://goo.gl/fbAQLP

exports[`expect to render CardList component 1`] = `
<div
  className="tc bg-light-green dib br3 pa3 ma2 grow bw2 shadow-5"
>
  <img
    alt="robots"
    src="https://robohash.org/1?size=200x200"
  />
  <h2>
    John
     
    Snow
  </h2>
  <p>
    john@test.com
  </p>
</div>
`;
